RETURN CODE:
4

STDOUT:
============================= test session starts =============================
platform win32 -- Python 3.12.10, pytest-9.0.2, pluggy-1.6.0 -- C:\Users\Admin\AppData\Local\Microsoft\WindowsApps\PythonSoftwareFoundation.Python.3.12_qbz5n2kfra8p0\python.exe
cachedir: .pytest_cache
rootdir: E:\Thuc tap tot nghiep\ielts-grader-project\backend
plugins: anyio-4.4.0, Faker-40.30.0, langsmith-0.8.3, asyncio-1.4.0
asyncio: mode=Mode.STRICT, debug=False, asyncio_default_fixture_loop_scope=None, asyncio_default_test_loop_scope=function
collecting ... collected 0 items

============================ no tests ran in 0.10s ============================


STDERR:
ERROR: file or directory not found: tests/e2e/

